06-24 11:20:23.520 21037 21076 E Finsky  : [85] AU2: RequiredVehicleState is missing.
06-24 11:20:23.520 21037 21076 E Finsky  : [85] AU2: RequiredBatteryLevel is missing.
06-24 11:20:23.520 21037 21076 E Finsky  : [85] AU2: RequiredVehicleState is missing.
06-24 11:20:23.521 21037 21076 E Finsky  : [85] AU2: RequiredBatteryLevel is missing.
06-24 11:20:23.521 21037 21076 E Finsky  : [85] AU2: RequiredVehicleState is missing.
06-24 11:20:23.522 21037 21076 E Finsky  : [85] AU2: RequiredVehicleState is missing.
06-24 11:20:23.522 21037 21076 E Finsky  : [85] AU2: RequiredBatteryLevel is missing.
06-24 11:20:23.523 21037 21076 E Finsky  : [85] AU2: RequiredVehicleState is missing.
06-24 11:20:23.523 21037 21076 E Finsky  : [85] AU2: RequiredVehicleState is missing.
06-24 11:20:23.523 21037 21076 E Finsky  : [85] AU2: RequiredBatteryLevel is missing.
06-24 11:20:23.523 21037 21076 E Finsky  : [85] AU2: RequiredVehicleState is missing.
06-24 11:20:23.523 21037 21076 E Finsky  : [85] AU2: RequiredVehicleState is missing.
06-24 11:20:23.523 21037 21076 E Finsky  : [85] AU2: RequiredBatteryLevel is missing.
06-24 11:20:23.523 21037 21076 E Finsky  : [85] AU2: RequiredVehicleState is missing.
06-24 11:20:23.523 21037 21076 E Finsky  : [85] AU2: RequiredVehicleState is missing.
06-24 11:20:23.523 21037 21076 E Finsky  : [85] AU2: RequiredBatteryLevel is missing.
06-24 11:20:23.523 21037 21076 E Finsky  : [85] AU2: RequiredVehicleState is missing.
06-24 11:20:23.523 21037 21076 E Finsky  : [85] AU2: RequiredVehicleState is missing.
06-24 11:20:23.523 21037 21076 E Finsky  : [85] AU2: RequiredBatteryLevel is missing.
06-24 11:20:23.524 21037 21076 E Finsky  : [85] AU2: RequiredVehicleState is missing.
06-24 11:20:23.524 21037 21076 E Finsky  : [85] AU2: RequiredVehicleState is missing.
06-24 11:20:23.524 21037 21076 E Finsky  : [85] AU2: RequiredBatteryLevel is missing.
06-24 11:20:23.525 21037 21076 E Finsky  : [85] AU2: RequiredVehicleState is missing.
06-24 11:20:23.525 21037 21076 E Finsky  : [85] AU2: RequiredVehicleState is missing.
06-24 11:20:23.525 21037 21076 E Finsky  : [85] AU2: RequiredBatteryLevel is missing.
06-24 11:20:23.525 21037 21076 E Finsky  : [85] AU2: RequiredVehicleState is missing.
06-24 11:20:23.525 21037 21076 E Finsky  : [85] AU2: RequiredBatteryLevel is missing.
06-24 11:20:23.526 21037 21076 E Finsky  : [85] AU2: RequiredVehicleState is missing.
06-24 11:20:23.526 21037 21076 E Finsky  : [85] AU2: RequiredVehicleState is missing.
06-24 11:20:23.526 21037 21076 E Finsky  : [85] AU2: RequiredBatteryLevel is missing.
06-24 11:20:23.526 21037 21076 E Finsky  : [85] AU2: RequiredVehicleState is missing.
06-24 11:20:23.526 21037 21076 E Finsky  : [85] AU2: RequiredVehicleState is missing.
06-24 11:20:23.526 21037 21076 E Finsky  : [85] AU2: RequiredBatteryLevel is missing.
06-24 11:20:23.526 21037 21076 E Finsky  : [85] AU2: RequiredVehicleState is missing.
06-24 11:20:23.527 21037 21076 E Finsky  : [85] AU2: RequiredVehicleState is missing.
06-24 11:20:23.527 21037 21076 E Finsky  : [85] AU2: RequiredBatteryLevel is missing.
06-24 11:20:23.527 21037 21076 E Finsky  : [85] AU2: RequiredVehicleState is missing.
06-24 11:20:23.527 21037 21076 E Finsky  : [85] AU2: RequiredVehicleState is missing.
06-24 11:20:23.527 21037 21076 E Finsky  : [85] AU2: RequiredBatteryLevel is missing.
06-24 11:20:23.527 21037 21076 E Finsky  : [85] AU2: RequiredVehicleState is missing.
06-24 11:20:23.527 21037 21076 E Finsky  : [85] AU2: RequiredVehicleState is missing.
06-24 11:20:23.527 21037 21076 E Finsky  : [85] AU2: RequiredBatteryLevel is missing.
06-24 11:20:23.528 21037 21076 E Finsky  : [85] AU2: RequiredVehicleState is missing.
06-24 11:20:24.237   568   924 E system_server: No package ID 7f found for resource ID 0x7f08048b.
06-24 11:20:24.237   568   924 E system_server: No package ID 7f found for resource ID 0x7f140ab9.
06-24 11:20:24.241  1130  1130 E SmsApplication: com.google.android.apps.messaging lost android:read_cell_broadcasts:  (fixing)
06-24 11:20:24.242   568  1075 E RoleControllerServiceImpl: Default/fallback role holder package doesn't qualify for the role, package: com.google.android.gms.supervision, role: android.app.role.SYSTEM_SUPERVISION
06-24 11:20:24.243  1130  1130 E CellBroadcastUtils: getDefaultCellBroadcastReceiverPackageName: no package found
06-24 11:20:24.255   568  1075 E RoleControllerServiceImpl: Default/fallback role holder package doesn't qualify for the role, package: com.google.android.gms, role: android.app.role.WALLET
06-24 11:20:24.257   568  1075 E RoleControllerServiceImpl: Default/fallback role holder package doesn't qualify for the role, package: com.google.android.devicelockcontroller, role: android.app.role.SYSTEM_FINANCED_DEVICE_CONTROLLER
06-24 11:20:27.235 21037 21075 E Finsky  : [84] [Counters] attempted to use a non-positive increment for: 3703
06-24 11:20:31.840 21417 21417 E d.configupdater: Not starting debugger since process cannot load the jdwp agent.
06-24 11:21:30.007 21037 21075 E Finsky  : [84] [Counters] attempted to use a non-positive increment for: 4752
06-24 11:21:30.023 21037 21075 E Finsky  : [84] [Counters] attempted to use a non-positive increment for: 4753
06-24 11:21:30.531 21037 21076 E Finsky  : [85] ItemStore: getItems RPC failed for item com.android.musicfx
06-24 11:21:30.532 21037 21069 E Finsky  : [78] ItemStore: getItems RPC failed for item com.android.systemui.emulation.pixel_6
06-24 11:21:30.532 21037 21069 E Finsky  : [78] ItemStore: getItems RPC failed for item com.android.location.fused
06-24 11:21:30.532 21037 21069 E Finsky  : [78] ItemStore: getItems RPC failed for item com.android.stk
06-24 11:21:30.532 21037 21069 E Finsky  : [78] ItemStore: getItems RPC failed for item com.android.internal.display.cutout.emulation.tall
06-24 11:21:30.532 21037 21064 E Finsky  : [73] ItemStore: getItems RPC failed for item com.android.cts.priv.ctsshim
06-24 11:21:30.532 21037 21076 E Finsky  : [85] ItemStore: getItems RPC failed for item com.google.android.overlay.googleconfig
06-24 11:21:30.532 21037 21069 E Finsky  : [78] ItemStore: getItems RPC failed for item com.android.backupconfirm
06-24 11:21:30.533 21037 21069 E Finsky  : [78] ItemStore: getItems RPC failed for item com.android.hardware.neuralnetworks
06-24 11:21:30.533 21037 21076 E Finsky  : [85] ItemStore: getItems RPC failed for item com.google.android.partnersetup
06-24 11:21:30.533 21037 21069 E Finsky  : [78] ItemStore: getItems RPC failed for item com.android.internal.emulation.pixel_8_pro
06-24 11:21:30.533 21037 21076 E Finsky  : [85] ItemStore: getItems RPC failed for item com.google.android.sdksandbox
06-24 11:21:30.533 21037 21069 E Finsky  : [78] ItemStore: getItems RPC failed for item com.google.android.cellbroadcastreceiver
06-24 11:21:30.533 21037 21069 E Finsky  : [78] ItemStore: getItems RPC failed for item com.android.vending
06-24 11:21:30.533 21037 21076 E Finsky  : [85] ItemStore: getItems RPC failed for item com.android.bookmarkprovider
06-24 11:21:30.533 21037 21069 E Finsky  : [78] ItemStore: getItems RPC failed for item com.google.android.connectivity.resources
06-24 11:21:30.533 21037 21076 E Finsky  : [85] ItemStore: getItems RPC failed for item com.android.phone
06-24 11:21:30.533 21037 21076 E Finsky  : [85] ItemStore: getItems RPC failed for item com.android.providers.telephony.auto_generated_characteristics_rro
06-24 11:21:30.533 21037 21064 E Finsky  : [73] ItemStore: getItems RPC failed for item com.android.keychain
06-24 11:21:30.533 21037 21069 E Finsky  : [78] ItemStore: getItems RPC failed for item com.android.localtransport
06-24 11:21:30.533 21037 21064 E Finsky  : [73] ItemStore: getItems RPC failed for item com.android.internal.emulation.pixel_3
06-24 11:21:30.533 21037 21064 E Finsky  : [73] ItemStore: getItems RPC failed for item com.google.android.health.connect.backuprestore
06-24 11:21:30.533 21037 21064 E Finsky  : [73] ItemStore: getItems RPC failed for item com.google.android.healthconnect.controller
06-24 11:21:30.533 21037 21064 E Finsky  : [73] ItemStore: getItems RPC failed for item com.android.systemui.emulation.pixel_3a_xl
06-24 11:21:30.534 21037 21064 E Finsky  : [73] ItemStore: getItems RPC failed for item com.google.android.ext.shared
06-24 11:21:30.534 21037 21064 E Finsky  : [73] ItemStore: getItems RPC failed for item com.android.internal.emulation.pixel_9_pro_xl
06-24 11:21:30.534 21037 21064 E Finsky  : [73] ItemStore: getItems RPC failed for item com.android.DeviceAsWebcam
06-24 11:21:30.534 21037 21064 E Finsky  : [73] ItemStore: getItems RPC failed for item com.android.systemui.emulation.pixel_fold
06-24 11:21:30.534 21037 21064 E Finsky  : [73] ItemStore: getItems RPC failed for item com.android.internal.emulation.pixel_4_xl
06-24 11:21:30.534 21037 21064 E Finsky  : [73] ItemStore: getItems RPC failed for item com.google.android.widevine.nonupdatable
06-24 11:21:30.534 21037 21064 E Finsky  : [73] ItemStore: getItems RPC failed for item com.android.internal.systemui.navbar.twobutton
06-24 11:21:30.534 21037 21064 E Finsky  : [73] ItemStore: getItems RPC failed for item com.google.android.feedback
06-24 11:21:30.534 21037 21064 E Finsky  : [73] ItemStore: getItems RPC failed for item com.android.systemui.accessibility.accessibilitymenu
06-24 11:21:30.534 21037 21069 E Finsky  : [78] ItemStore: getItems RPC failed for item com.google.android.uwb.resources
06-24 11:21:30.534 21037 21064 E Finsky  : [73] ItemStore: getItems RPC failed for item com.shipperloadnow
06-24 11:21:30.534 21037 21064 E Finsky  : [73] ItemStore: getItems RPC failed for item com.android.bluetoothmidiservice
06-24 11:21:30.534 21037 21069 E Finsky  : [78] ItemStore: getItems RPC failed for item android.auto_generated_rro_product__
06-24 11:21:30.534 21037 21064 E Finsky  : [73] ItemStore: getItems RPC failed for item com.android.phone.auto_generated_rro_product__
06-24 11:21:30.534 21037 21076 E Finsky  : [85] ItemStore: getItems RPC failed for item com.google.android.hotspot2.osulogin
06-24 11:21:30.534 21037 21064 E Finsky  : [73] ItemStore: getItems RPC failed for item com.android.managedprovisioning
06-24 11:21:30.534 21037 21076 E Finsky  : [85] ItemStore: getItems RPC failed for item com.android.providers.contacts
06-24 11:21:30.534 21037 21064 E Finsky  : [73] ItemStore: getItems RPC failed for item com.google.android.soundpicker
06-24 11:21:30.534 21037 21069 E Finsky  : [78] ItemStore: getItems RPC failed for item com.android.internal.emulation.pixel_fold
06-24 11:21:30.534 21037 21069 E Finsky  : [78] ItemStore: getItems RPC failed for item com.android.providers.telephony
06-24 11:21:30.534 21037 21076 E Finsky  : [85] ItemStore: getItems RPC failed for item com.google.android.apps.wallpaper.nexus
06-24 11:21:30.534 21037 21076 E Finsky  : [85] ItemStore: getItems RPC failed for item com.android.externalstorage
06-24 11:21:30.534 21037 21064 E Finsky  : [73] ItemStore: getItems RPC failed for item com.android.internal.emulation.pixel_9
06-24 11:21:30.534 21037 21076 E Finsky  : [85] ItemStore: getItems RPC failed for item com.android.internal.emulation.pixel_6_pro
06-24 11:21:30.534 21037 21064 E Finsky  : [73] ItemStore: getItems RPC failed for item com.android.settings.auto_generated_rro_product__
06-24 11:21:30.534 21037 21064 E Finsky  : [73] ItemStore: getItems RPC failed for item com.android.imsserviceentitlement
06-24 11:21:30.534 21037 21069 E Finsky  : [78] ItemStore: getItems RPC failed for item com.android.apex.cts.shim
06-24 11:21:30.534 21037 21064 E Finsky  : [73] ItemStore: getItems RPC failed for item com.google.android.settings.intelligence
06-24 11:21:30.534 21037 21064 E Finsky  : [73] ItemStore: getItems RPC failed for item com.android.systemui.emulation.pixel_4
06-24 11:21:30.534 21037 21064 E Finsky  : [73] ItemStore: getItems RPC failed for item com.android.internal.display.cutout.emulation.hole
06-24 11:21:30.534 21037 21064 E Finsky  : [73] ItemStore: getItems RPC failed for item com.android.providers.blockednumber
06-24 11:21:30.535 21037 21069 E Finsky  : [78] ItemStore: getItems RPC failed for item com.android.internal.systemui.navbar.gestural
06-24 11:21:30.535 21037 21069 E Finsky  : [78] ItemStore: getItems RPC failed for item com.google.android.safetycenter.resources
06-24 11:21:30.535 21037 21076 E Finsky  : [85] ItemStore: getItems RPC failed for item com.android.providers.calendar
06-24 11:21:30.536 21037 21076 E Finsky  : [85] ItemStore: getItems RPC failed for item com.android.pacprocessor
06-24 11:21:30.536 21037 21076 E Finsky  : [85] ItemStore: getItems RPC failed for item com.google.android.apps.customization.pixel
06-24 11:21:30.536 21037 21076 E Finsky  : [85] ItemStore: getItems RPC failed for item com.android.internal.emulation.pixel_8
06-24 11:21:30.536 21037 21069 E Finsky  : [78] ItemStore: getItems RPC failed for item com.google.android.networkstack.tethering.emulator
06-24 11:21:30.536 21037 21064 E Finsky  : [73] ItemStore: getItems RPC failed for item com.google.android.overlay.largescreenconfig
06-24 11:21:30.536 21037 21069 E Finsky  : [78] ItemStore: getItems RPC failed for item com.android.mms.service
06-24 11:21:30.537 21037 21069 E Finsky  : [78] ItemStore: getItems RPC failed for item com.android.wallpaper
06-24 11:21:30.537 21037 21069 E Finsky  : [78] ItemStore: getItems RPC failed for item com.android.emulator.multidisplay
06-24 11:21:30.537 21037 21069 E Finsky  : [78] ItemStore: getItems RPC failed for item com.android.carrierconfig
06-24 11:21:30.537 21037 21069 E Finsky  : [78] ItemStore: getItems RPC failed for item com.android.providers.contactkeys
06-24 11:21:30.537 21037 21069 E Finsky  : [78] ItemStore: getItems RPC failed for item com.android.bips.auto_generated_rro_product__
06-24 11:21:30.537 21037 21064 E Finsky  : [73] ItemStore: getItems RPC failed for item com.android.bluetooth
06-24 11:21:30.537 21037 21069 E Finsky  : [78] ItemStore: getItems RPC failed for item com.google.android.configupdater
06-24 11:21:30.537 21037 21069 E Finsky  : [78] ItemStore: getItems RPC failed for item com.android.internal.ranchu.commonoverlay
06-24 11:21:30.537 21037 21064 E Finsky  : [73] ItemStore: getItems RPC failed for item com.android.providers.contacts.auto_generated_rro_product__
06-24 11:21:30.537 21037 21069 E Finsky  : [78] ItemStore: getItems RPC failed for item com.android.hardware.cas
06-24 11:21:30.537 21037 21076 E Finsky  : [85] ItemStore: getItems RPC failed for item com.android.wallpaperbackup
06-24 11:21:30.537 21037 21069 E Finsky  : [78] ItemStore: getItems RPC failed for item com.android.nfcservices
06-24 11:21:30.537 21037 21069 E Finsky  : [78] ItemStore: getItems RPC failed for item com.android.providers.downloads
06-24 11:21:30.537 21037 21064 E Finsky  : [73] ItemStore: getItems RPC failed for item com.android.traceur
06-24 11:21:30.537 21037 21069 E Finsky  : [78] ItemStore: getItems RPC failed for item com.android.internal.emulation.pixel_7_pro
06-24 11:21:30.537 21037 21064 E Finsky  : [73] ItemStore: getItems RPC failed for item com.android.ons
06-24 11:21:30.537 21037 21064 E Finsky  : [73] ItemStore: getItems RPC failed for item com.android.internal.display.cutout.emulation.corner
06-24 11:21:30.537 21037 21064 E Finsky  : [73] ItemStore: getItems RPC failed for item com.google.android.overlay.largescreensettingsprovider
06-24 11:21:30.537 21037 21064 E Finsky  : [73] ItemStore: getItems RPC failed for item com.android.internal.emulation.pixel_4a
06-24 11:21:30.537 21037 21064 E Finsky  : [73] ItemStore: getItems RPC failed for item com.android.systemui.emulation.pixel_4_xl
06-24 11:21:30.537 21037 21064 E Finsky  : [73] ItemStore: getItems RPC failed for item com.google.android.printservice.recommendation
06-24 11:21:30.537 21037 21064 E Finsky  : [73] ItemStore: getItems RPC failed for item com.google.android.appsearch.apk
06-24 11:21:30.537 21037 21064 E Finsky  : [73] ItemStore: getItems RPC failed for item com.android.systemui.emulation.pixel_3a
06-24 11:21:30.538 21037 21064 E Finsky  : [73] ItemStore: getItems RPC failed for item com.android.virt
06-24 11:21:30.538 21037 21064 E Finsky  : [73] ItemStore: getItems RPC failed for item com.google.android.ondevicepersonalization.services
06-24 11:21:30.538 21037 21064 E Finsky  : [73] ItemStore: getItems RPC failed for item com.android.simappdialog
06-24 11:21:30.538 21037 21064 E Finsky  : [73] ItemStore: getItems RPC failed for item com.android.devicediagnostics
06-24 11:21:30.538 21037 21076 E Finsky  : [85] ItemStore: getItems RPC failed for item com.android.companiondevicemanager
06-24 11:21:30.538 21037 21064 E Finsky  : [73] ItemStore: getItems RPC failed for item com.android.internal.emulation.pixel_5
06-24 11:21:30.538 21037 21064 E Finsky  : [73] ItemStore: getItems RPC failed for item com.android.systemui.emulation.pixel_7_pro
06-24 11:21:30.538 21037 21064 E Finsky  : [73] ItemStore: getItems RPC failed for item com.android.role.notes.enabled
06-24 11:21:30.538 21037 21064 E Finsky  : [73] ItemStore: getItems RPC failed for item com.driverloadnow
06-24 11:21:30.538 21037 21069 E Finsky  : [78] ItemStore: getItems RPC failed for item com.android.emergency
06-24 11:21:30.538 21037 21069 E Finsky  : [78] ItemStore: getItems RPC failed for item com.google.android.marvin.talkbackoverlay
06-24 11:21:30.539 21037 21069 E Finsky  : [78] ItemStore: getItems RPC failed for item com.android.intentresolver
06-24 11:21:30.539 21037 21064 E Finsky  : [73] ItemStore: getItems RPC failed for item com.android.internal.display.cutout.emulation.waterfall
06-24 11:21:30.539 21037 21069 E Finsky  : [78] ItemStore: getItems RPC failed for item com.android.managedprovisioning.auto_generated_rro_product__
06-24 11:21:30.539 21037 21069 E Finsky  : [78] ItemStore: getItems RPC failed for item com.android.internal.emulation.pixel_7a
06-24 11:21:30.539 21037 21064 E Finsky  : [73] ItemStore: getItems RPC failed for item com.android.providers.settings
06-24 11:21:30.539 21037 21069 E Finsky  : [78] ItemStore: getItems RPC failed for item com.android.systemui.auto_generated_rro_vendor__
06-24 11:21:30.539 21037 21064 E Finsky  : [73] ItemStore: getItems RPC failed for item com.android.systemui.emulation.pixel_8
06-24 11:21:30.539 21037 21064 E Finsky  : [73] ItemStore: getItems RPC failed for item com.google.android.overlay.googlewebview
06-24 11:21:30.539 21037 21064 E Finsky  : [73] ItemStore: getItems RPC failed for item com.android.internal.systemui.navbar.transparent
06-24 11:21:30.539 21037 21064 E Finsky  : [73] ItemStore: getItems RPC failed for item com.android.bips
06-24 11:21:30.539 21037 21064 E Finsky  : [73] ItemStore: getItems RPC failed for item com.android.providers.media
06-24 11:21:30.539 21037 21064 E Finsky  : [73] ItemStore: getItems RPC failed for item com.android.virtualmachine.res
06-24 11:21:30.539 21037 21064 E Finsky  : [73] ItemStore: getItems RPC failed for item com.google.android.apps.nexuslauncher
06-24 11:21:30.539 21037 21064 E Finsky  : [73] ItemStore: getItems RPC failed for item com.google.android.packageinstaller
06-24 11:21:30.539 21037 21064 E Finsky  : [73] ItemStore: getItems RPC failed for item com.android.providers.settings.auto_generated_rro_product__
06-24 11:21:30.539 21037 21064 E Finsky  : [73] ItemStore: getItems RPC failed for item com.android.carrierdefaultapp
06-24 11:21:30.539 21037 21064 E Finsky  : [73] ItemStore: getItems RPC failed for item com.android.calllogbackup
06-24 11:21:30.539 21037 21064 E Finsky  : [73] ItemStore: getItems RPC failed for item com.google.android.markup
06-24 11:21:30.539 21037 21064 E Finsky  : [73] ItemStore: getItems RPC failed for item com.android.emulator.radio.config
06-24 11:21:30.539 21037 21064 E Finsky  : [73] ItemStore: getItems RPC failed for item android.auto_generated_characteristics_rro
06-24 11:21:30.539 21037 21064 E Finsky  : [73] ItemStore: getItems RPC failed for item com.google.android.devicelockcontroller
06-24 11:21:30.539 21037 21064 E Finsky  : [73] ItemStore: getItems RPC failed for item com.android.systemui.emulation.pixel_7
06-24 11:21:30.539 21037 21064 E Finsky  : [73] ItemStore: getItems RPC failed for item com.android.cameraextensions
06-24 11:21:30.539 21037 21064 E Finsky  : [73] ItemStore: getItems RPC failed for item com.android.printspooler
06-24 11:21:30.539 21037 21064 E Finsky  : [73] ItemStore: getItems RPC failed for item com.android.proxyhandler
06-24 11:21:30.540 21037 21064 E Finsky  : [73] ItemStore: getItems RPC failed for item com.google.android.rkpdapp
06-24 11:21:30.540 21037 21064 E Finsky  : [73] ItemStore: getItems RPC failed for item com.android.dynsystem
06-24 11:21:30.540 21037 21076 E Finsky  : [85] ItemStore: getItems RPC failed for item com.android.devicediagnostics.auto_generated_rro_product__
06-24 11:21:30.540 21037 21076 E Finsky  : [85] ItemStore: getItems RPC failed for item com.android.internal.display.cutout.emulation.double
06-24 11:21:30.540 21037 21076 E Finsky  : [85] ItemStore: getItems RPC failed for item com.android.storagemanager
06-24 11:21:30.540 21037 21076 E Finsky  : [85] ItemStore: getItems RPC failed for item com.android.systemui.emulation.pixel_9
06-24 11:21:30.540 21037 21076 E Finsky  : [85] ItemStore: getItems RPC failed for item com.google.android.server.deviceconfig.resources
06-24 11:21:30.540 21037 21076 E Finsky  : [85] ItemStore: getItems RPC failed for item com.android.internal.emulation.pixel_9_pro
06-24 11:21:30.540 21037 21076 E Finsky  : [85] ItemStore: getItems RPC failed for item com.android.systemui.emulation.pixel_9_pro_fold
06-24 11:21:30.540 21037 21076 E Finsky  : [85] ItemStore: getItems RPC failed for item com.android.camera2
06-24 11:21:30.540 21037 21076 E Finsky  : [85] ItemStore: getItems RPC failed for item com.android.mtp
06-24 11:21:30.540 21037 21076 E Finsky  : [85] ItemStore: getItems RPC failed for item com.android.systemui.emulation.pixel_9_pro_xl
06-24 11:21:30.540 21037 21076 E Finsky  : [85] ItemStore: getItems RPC failed for item com.android.internal.display.cutout.emulation.emu01
06-24 11:21:30.540 21037 21076 E Finsky  : [85] ItemStore: getItems RPC failed for item com.android.providers.telephony.auto_generated_rro_product__
06-24 11:21:30.540 21037 21076 E Finsky  : [85] ItemStore: getItems RPC failed for item com.android.carrierconfig.auto_generated_rro_product__
06-24 11:21:30.540 21037 21076 E Finsky  : [85] ItemStore: getItems RPC failed for item com.google.android.profiling
06-24 11:21:30.540 21037 21076 E Finsky  : [85] ItemStore: getItems RPC failed for item com.android.carrierconfig.auto_generated_rro_vendor__
06-24 11:21:30.540 21037 21076 E Finsky  : [85] ItemStore: getItems RPC failed for item com.android.traceur.auto_generated_rro_product__
06-24 11:21:30.540 21037 21076 E Finsky  : [85] ItemStore: getItems RPC failed for item com.google.android.gsf
06-24 11:21:30.540 21037 21076 E Finsky  : [85] ItemStore: getItems RPC failed for item com.android.systemui.emulation.pixel_3_xl
06-24 11:21:30.540 21037 21076 E Finsky  : [85] ItemStore: getItems RPC failed for item com.android.htmlviewer
06-24 11:21:30.540 21037 21076 E Finsky  : [85] ItemStore: getItems RPC failed for item com.android.settings
06-24 11:21:30.541 21037 21076 E Finsky  : [85] ItemStore: getItems RPC failed for item com.android.certinstaller
06-24 11:21:30.541 21037 21076 E Finsky  : [85] ItemStore: getItems RPC failed for item com.android.dreams.basic
06-24 11:21:30.541 21037 21076 E Finsky  : [85] ItemStore: getItems RPC failed for item com.android.internal.systemui.navbar.threebutton
06-24 11:21:30.541 21037 21076 E Finsky  : [85] ItemStore: getItems RPC failed for item com.google.android.providers.media.module
06-24 11:21:30.541 21037 21076 E Finsky  : [85] ItemStore: getItems RPC failed for item com.android.systemui.emulation.pixel_5
06-24 11:21:30.541 21037 21076 E Finsky  : [85] ItemStore: getItems RPC failed for item com.google.android.overlay.permissioncontroller
06-24 11:21:30.541 21037 21076 E Finsky  : [85] ItemStore: getItems RPC failed for item com.google.android.connectivity.resources.goldfish.overlay
06-24 11:21:30.541 21037 21076 E Finsky  : [85] ItemStore: getItems RPC failed for item com.google.android.odad
06-24 11:21:30.541 21037 21076 E Finsky  : [85] ItemStore: getItems RPC failed for item com.google.android.devicelock
06-24 11:21:30.541 21037 21076 E Finsky  : [85] ItemStore: getItems RPC failed for item com.android.theme.font.notoserifsource
06-24 11:21:30.541 21037 21076 E Finsky  : [85] ItemStore: getItems RPC failed for item com.android.internal.emulation.pixel_9_pro_fold
06-24 11:21:30.541 21037 21076 E Finsky  : [85] ItemStore: getItems RPC failed for item com.google.android.overlay.pixelconfigcommon
06-24 11:21:30.541 21037 21076 E Finsky  : [85] ItemStore: getItems RPC failed for item com.google.android.onetimeinitializer
06-24 11:21:30.541 21037 21076 E Finsky  : [85] ItemStore: getItems RPC failed for item com.google.android.cellbroadcastservice
06-24 11:21:30.541 21037 21076 E Finsky  : [85] ItemStore: getItems RPC failed for item com.android.internal.emulation.pixel_4
06-24 11:21:30.541 21037 21076 E Finsky  : [85] ItemStore: getItems RPC failed for item com.android.companiondevicemanager.auto_generated_characteristics_rro
06-24 11:21:30.541 21037 21076 E Finsky  : [85] ItemStore: getItems RPC failed for item com.google.android.adservices.api
06-24 11:21:30.541 21037 21076 E Finsky  : [85] ItemStore: getItems RPC failed for item com.android.phone.auto_generated_characteristics_rro
06-24 11:21:30.541 21037 21076 E Finsky  : [85] ItemStore: getItems RPC failed for item com.android.soundpicker
06-24 11:21:30.541 21037 21076 E Finsky  : [85] ItemStore: getItems RPC failed for item com.android.phone.auto_generated_rro_vendor__
06-24 11:21:30.541 21037 21076 E Finsky  : [85] ItemStore: getItems RPC failed for item com.android.internal.emulation.pixel_6a
06-24 11:21:30.541 21037 21076 E Finsky  : [85] ItemStore: getItems RPC failed for item com.android.server.telecom.auto_generated_rro_product__
06-24 11:21:30.541 21037 21076 E Finsky  : [85] ItemStore: getItems RPC failed for item com.google.android.runtime
06-24 11:21:30.541 21037 21076 E Finsky  : [85] ItemStore: getItems RPC failed for item com.google.android.bluetooth
06-24 11:21:30.542 21037 21076 E Finsky  : [85] ItemStore: getItems RPC failed for item com.android.internal.emulation.pixel_8a
06-24 11:21:30.542 21037 21076 E Finsky  : [85] ItemStore: getItems RPC failed for item com.android.providers.partnerbookmarks
06-24 11:21:30.542 21037 21076 E Finsky  : [85] ItemStore: getItems RPC failed for item com.android.internal.emulation.pixel_3a
06-24 11:21:30.542 21037 21076 E Finsky  : [85] ItemStore: getItems RPC failed for item com.android.systemui.auto_generated_rro_product__
06-24 11:21:30.542 21037 21076 E Finsky  : [85] ItemStore: getItems RPC failed for item com.android.internal.emulation.pixel_3_xl
06-24 11:21:30.542 21037 21076 E Finsky  : [85] ItemStore: getItems RPC failed for item com.android.hardware.authsecret
06-24 11:21:30.542 21037 21076 E Finsky  : [85] ItemStore: getItems RPC failed for item com.android.simappdialog.auto_generated_rro_product__
06-24 11:21:30.542 21037 21076 E Finsky  : [85] ItemStore: getItems RPC failed for item com.android.internal.emulation.pixel_3a_xl
06-24 11:21:30.542 21037 21076 E Finsky  : [85] ItemStore: getItems RPC failed for item com.android.cts.ctsshim
06-24 11:21:30.542 21037 21076 E Finsky  : [85] ItemStore: getItems RPC failed for item android
06-24 11:21:30.542 21037 21076 E Finsky  : [85] ItemStore: getItems RPC failed for item android.auto_generated_rro_vendor__
06-24 11:21:30.542 21037 21076 E Finsky  : [85] ItemStore: getItems RPC failed for item com.android.systemui.emulation.pixel_9_pro
06-24 11:21:30.542 21037 21075 E Finsky  : [84] ItemStore: getItems RPC failed for item com.android.cellbroadcastreceiver
06-24 11:21:30.542 21037 21075 E Finsky  : [84] ItemStore: getItems RPC failed for item com.android.systemui.plugin.globalactions.wallet
06-24 11:21:30.542 21037 21076 E Finsky  : [85] ItemStore: getItems RPC failed for item com.google.android.googlesdksetup
06-24 11:21:30.542 21037 21076 E Finsky  : [85] ItemStore: getItems RPC failed for item com.android.wallpapercropper
06-24 11:21:30.542 21037 21075 E Finsky  : [84] ItemStore: getItems RPC failed for item com.google.android.wifi.dialog
06-24 11:21:30.542 21037 21076 E Finsky  : [85] ItemStore: getItems RPC failed for item com.android.systemui.emulation.pixel_8a
06-24 11:21:30.542 21037 21076 E Finsky  : [85] ItemStore: getItems RPC failed for item com.android.systemui.emulation.pixel_8_pro
06-24 11:21:30.542 21037 21075 E Finsky  : [84] ItemStore: getItems RPC failed for item com.android.hardware.rebootescrow
06-24 11:21:30.542 21037 21076 E Finsky  : [85] ItemStore: getItems RPC failed for item com.android.providers.downloads.ui
06-24 11:21:30.542 21037 21075 E Finsky  : [84] ItemStore: getItems RPC failed for item com.android.wallpaper.livepicker
06-24 11:21:30.542 21037 21076 E Finsky  : [85] ItemStore: getItems RPC failed for item com.android.systemui
06-24 11:21:30.542 21037 21076 E Finsky  : [85] ItemStore: getItems RPC failed for item com.android.systemui.emulation.pixel_6_pro
06-24 11:21:30.543 21037 21075 E Finsky  : [84] ItemStore: getItems RPC failed for item com.android.shell
06-24 11:21:30.543 21037 21076 E Finsky  : [85] ItemStore: getItems RPC failed for item com.android.systemui.emulation.pixel_4a
06-24 11:21:30.543 21037 21075 E Finsky  : [84] ItemStore: getItems RPC failed for item com.google.android.federatedcompute
06-24 11:21:30.543 21037 21075 E Finsky  : [84] ItemStore: getItems RPC failed for item com.android.internal.emulation.pixel_6
06-24 11:21:30.543 21037 21075 E Finsky  : [84] ItemStore: getItems RPC failed for item com.android.sharedstoragebackup
06-24 11:21:30.543 21037 21076 E Finsky  : [85] ItemStore: getItems RPC failed for item com.android.systemui.accessibility.accessibilitymenu.auto_generated_rro_product__
06-24 11:21:30.543 21037 21075 E Finsky  : [84] ItemStore: getItems RPC failed for item com.android.se
06-24 11:21:30.543 21037 21076 E Finsky  : [85] ItemStore: getItems RPC failed for item com.google.android.wifi.resources
06-24 11:21:30.543 21037 21075 E Finsky  : [84] ItemStore: getItems RPC failed for item com.android.inputdevices
06-24 11:21:30.543 21037 21076 E Finsky  : [85] ItemStore: getItems RPC failed for item com.android.storagemanager.auto_generated_rro_product__
06-24 11:21:30.543 21037 21076 E Finsky  : [85] ItemStore: getItems RPC failed for item com.google.android.avatarpicker
06-24 11:21:30.543 21037 21076 E Finsky  : [85] ItemStore: getItems RPC failed for item com.android.internal.emulation.pixel_2_xl
06-24 11:21:30.543 21037 21075 E Finsky  : [84] ItemStore: getItems RPC failed for item com.android.providers.userdictionary
06-24 11:21:30.543 21037 21076 E Finsky  : [85] ItemStore: getItems RPC failed for item com.android.systemui.emulation.pixel_7a
06-24 11:21:30.543 21037 21076 E Finsky  : [85] ItemStore: getItems RPC failed for item com.google.android.tag
06-24 11:21:30.543 21037 21075 E Finsky  : [84] ItemStore: getItems RPC failed for item com.android.systemui.emulation.pixel_3
06-24 11:21:30.543 21037 21076 E Finsky  : [85] ItemStore: getItems RPC failed for item com.android.server.telecom
06-24 11:21:30.543 21037 21076 E Finsky  : [85] ItemStore: getItems RPC failed for item com.android.i18n
06-24 11:21:30.543 21037 21075 E Finsky  : [84] ItemStore: getItems RPC failed for item com.android.internal.emulation.pixel_7
06-24 11:21:30.543 21037 21076 E Finsky  : [85] ItemStore: getItems RPC failed for item com.android.credentialmanager
06-24 11:21:30.543 21037 21075 E Finsky  : [84] ItemStore: getItems RPC failed for item com.android.nfc
06-24 11:21:30.543 21037 21076 E Finsky  : [85] ItemStore: getItems RPC failed for item com.android.egg
06-24 11:21:30.543 21037 21075 E Finsky  : [84] ItemStore: getItems RPC failed for item com.google.android.networkstack.tethering
06-24 11:21:30.543 21037 21076 E Finsky  : [85] ItemStore: getItems RPC failed for item com.google.android.telephony.satellite
06-24 11:21:30.543 21037 21075 E Finsky  : [84] ItemStore: getItems RPC failed for item com.android.systemui.emulation.pixel_6a
06-24 11:21:30.544 21037 21069 E Finsky  : [78] ItemStore: getItems RPC failed for item com.android.vpndialogs
06-24 11:26:05.662   568  1984 E JobScheduler.JobStatus: App com.google.android.inputmethod.latin became active but still in NEVER bucket
06-24 11:26:05.679   568   584 E JobScheduler.JobStatus: App com.google.android.inputmethod.latin became active but still in NEVER bucket
06-24 11:28:35.623 20908 20934 E MDD     : GddFileGroupPopulator: GDD Sync failed for corpus: GDD_AGSA_APA_TCLIB_PERSON_NAME, configuration: GddAgsaApaTclibPersonName
06-24 11:28:35.623 20908 20934 E MDD     : com.google.android.libraries.mdi.download.aj: refresh failed [GDD_FAIL_IN_SYNC_RUNNER_PUBLIC]
06-24 11:28:35.623 20908 20934 E MDD     :      at com.google.android.libraries.mdi.download.ah.a(PG:28)
06-24 11:28:35.623 20908 20934 E MDD     :      at com.google.android.libraries.mdi.download.h.b.y.apply(PG:32)
06-24 11:28:35.623 20908 20934 E MDD     :      at com.google.apps.tiktok.tracing.fe.apply(PG:13)
06-24 11:28:35.623 20908 20934 E MDD     :      at com.google.common.util.concurrent.a.e(PG:3)
06-24 11:28:35.623 20908 20934 E MDD     :      at com.google.common.util.concurrent.c.run(PG:130)
06-24 11:28:35.623 20908 20934 E MDD     :      at com.google.android.libraries.k.x.run(PG:3)
06-24 11:28:35.623 20908 20934 E MDD     :      at com.google.common.n.c.c.run(PG:50)
06-24 11:28:35.623 20908 20934 E MDD     :      at com.google.android.libraries.k.e.run(PG:8)
06-24 11:28:35.623 20908 20934 E MDD     :      at java.lang.Thread.run(Thread.java:1012)
06-24 11:28:35.623 20908 20934 E MDD     :      at com.google.android.libraries.k.d.b.run(PG:74)
06-24 11:28:35.623 20908 20934 E MDD     : Caused by: com.google.android.libraries.geller.h.bl: Geller batch sync rpc call failed
06-24 11:28:35.623 20908 20934 E MDD     :      at com.google.android.libraries.geller.h.bk.b(PG:30)
06-24 11:28:35.623 20908 20934 E MDD     :      at com.google.android.libraries.geller.h.bc.apply(PG:53)
06-24 11:28:35.623 20908 20934 E MDD     :      at com.google.apps.tiktok.tracing.fi.apply(PG:13)
06-24 11:28:35.623 20908 20934 E MDD     :      at com.google.common.util.concurrent.b.e(PG:3)
06-24 11:28:35.623 20908 20934 E MDD     :      ... 6 more
06-24 11:28:35.623 20908 20934 E MDD     : Caused by: io.grpc.fl: DEADLINE_EXCEEDED: CallOptions deadline exceeded after 59.656678792s. Name resolution delay 0.342302000 seconds. [closed=[], open=[[buffered_nanos=636387021596, waiting_for_connection]]]
06-24 11:28:35.623 20908 20934 E MDD     :      at io.grpc.i.m.a(PG:42)
06-24 11:28:35.623 20908 20934 E MDD     :      at io.grpc.e.bv.run(PG:9)
06-24 11:28:35.623 20908 20934 E MDD     :      at io.grpc.e.bx.e(PG:14)
06-24 11:28:35.623 20908 20934 E MDD     :      at io.grpc.e.bx.a(PG:6)
06-24 11:28:35.623 20908 20934 E MDD     :      at io.grpc.e.am.a(PG:32)
06-24 11:28:35.623 20908 20934 E MDD     :      at io.grpc.e.bh.run(PG:7)
06-24 11:28:35.623 20908 20934 E MDD     :      at io.grpc.e.lb.run(PG:17)
06-24 11:28:35.623 20908 20934 E MDD     :      at java.util.concurrent.ThreadPoolExecutor.runWorker(ThreadPoolExecutor.java:1145)
06-24 11:28:35.623 20908 20934 E MDD     :      at java.util.concurrent.ThreadPoolExecutor$Worker.run(ThreadPoolExecutor.java:644)
06-24 11:28:35.623 20908 20934 E MDD     :      at java.lang.Thread.run(Thread.java:1012)
06-24 11:28:35.628 20908 20934 E A       : (REDACTED) %s
06-24 11:28:35.628 20908 20934 E A       : com.google.android.libraries.mdi.download.aj: refresh failed [GDD_FAIL_IN_SYNC_RUNNER_PUBLIC]
06-24 11:28:35.628 20908 20934 E A       :      at com.google.android.libraries.mdi.download.ah.a(PG:28)
06-24 11:28:35.628 20908 20934 E A       :      at com.google.android.libraries.mdi.download.h.b.y.apply(PG:32)
06-24 11:28:35.628 20908 20934 E A       :      at com.google.apps.tiktok.tracing.fe.apply(PG:13)
06-24 11:28:35.628 20908 20934 E A       :      at com.google.common.util.concurrent.a.e(PG:3)
06-24 11:28:35.628 20908 20934 E A       :      at com.google.common.util.concurrent.c.run(PG:130)
06-24 11:28:35.628 20908 20934 E A       :      at com.google.android.libraries.k.x.run(PG:3)
06-24 11:28:35.628 20908 20934 E A       :      at com.google.common.n.c.c.run(PG:50)
06-24 11:28:35.628 20908 20934 E A       :      at com.google.android.libraries.k.e.run(PG:8)
06-24 11:28:35.628 20908 20934 E A       :      at java.lang.Thread.run(Thread.java:1012)
06-24 11:28:35.628 20908 20934 E A       :      at com.google.android.libraries.k.d.b.run(PG:74)
06-24 11:28:35.628 20908 20934 E A       : Caused by: com.google.android.libraries.geller.h.bl: Geller batch sync rpc call failed
06-24 11:28:35.628 20908 20934 E A       :      at com.google.android.libraries.geller.h.bk.b(PG:30)
06-24 11:28:35.628 20908 20934 E A       :      at com.google.android.libraries.geller.h.bc.apply(PG:53)
06-24 11:28:35.628 20908 20934 E A       :      at com.google.apps.tiktok.tracing.fi.apply(PG:13)
06-24 11:28:35.628 20908 20934 E A       :      at com.google.common.util.concurrent.b.e(PG:3)
06-24 11:28:35.628 20908 20934 E A       :      ... 6 more
06-24 11:28:35.628 20908 20934 E A       : Caused by: io.grpc.fl: DEADLINE_EXCEEDED: CallOptions deadline exceeded after 59.656678792s. Name resolution delay 0.342302000 seconds. [closed=[], open=[[buffered_nanos=636387021596, waiting_for_connection]]]
06-24 11:28:35.628 20908 20934 E A       :      at io.grpc.i.m.a(PG:42)
06-24 11:28:35.628 20908 20934 E A       :      at io.grpc.e.bv.run(PG:9)
06-24 11:28:35.628 20908 20934 E A       :      at io.grpc.e.bx.e(PG:14)
06-24 11:28:35.628 20908 20934 E A       :      at io.grpc.e.bx.a(PG:6)
06-24 11:28:35.628 20908 20934 E A       :      at io.grpc.e.am.a(PG:32)
06-24 11:28:35.628 20908 20934 E A       :      at io.grpc.e.bh.run(PG:7)
06-24 11:28:35.628 20908 20934 E A       :      at io.grpc.e.lb.run(PG:17)
06-24 11:28:35.628 20908 20934 E A       :      at java.util.concurrent.ThreadPoolExecutor.runWorker(ThreadPoolExecutor.java:1145)
06-24 11:28:35.628 20908 20934 E A       :      at java.util.concurrent.ThreadPoolExecutor$Worker.run(ThreadPoolExecutor.java:644)
06-24 11:28:35.628 20908 20934 E A       :      at java.lang.Thread.run(Thread.java:1012)
06-24 11:28:35.634 20908 20929 E SingleDataFileGroupPop: Failed to add file group 
06-24 11:28:35.635 20908 20929 E PhFileGroupPop: Failed to add file group 
06-24 11:28:35.635 20908 20929 E PhFileGroupPop: Failed to add file group 
06-24 11:28:35.636 20908 20929 E PhFileGroupPop: Failed to add file group 
06-24 11:28:35.636 20908 20929 E PhFileGroupPop: Failed to add file group 
06-24 11:28:35.636 20908 20929 E PhFileGroupPop: Failed to add file group 
06-24 11:28:35.637 20908 20929 E PhFileGroupPop: Failed to add file group 
06-24 11:28:35.637 20908 20929 E PhFileGroupPop: Failed to add file group 
06-24 11:28:35.637 20908 20929 E PhFileGroupPop: Failed to add file group 
06-24 11:28:35.643 20908 20929 E PhFileGroupPop: Failed to add file group 
06-24 11:28:35.651 20908 20929 E SingleDataFileGroupPop: Failed to add file group 
06-24 11:28:35.664 20908 20932 E PhFileGroupPop: Failed to add file group 
06-24 11:28:35.697 20908 20931 E A       : (REDACTED) %s
06-24 11:28:35.697 20908 20931 E A       : com.google.android.libraries.mdi.download.aj: Nothing to download for file group: nga_sot_configs
06-24 11:28:35.697 20908 20931 E A       :      at com.google.android.libraries.mdi.download.ah.a(PG:28)
06-24 11:28:35.697 20908 20931 E A       :      at com.google.android.libraries.mdi.download.fm.apply(PG:51)
06-24 11:28:35.697 20908 20931 E A       :      at com.google.apps.tiktok.tracing.fe.apply(PG:13)
06-24 11:28:35.697 20908 20931 E A       :      at com.google.common.util.concurrent.h.e(PG:3)
06-24 11:28:35.697 20908 20931 E A       :      at com.google.common.util.concurrent.j.run(PG:42)
06-24 11:28:35.697 20908 20931 E A       :      at com.google.common.util.concurrent.dm.run(PG:76)
06-24 11:28:35.697 20908 20931 E A       :      at com.google.android.libraries.k.x.run(PG:3)
06-24 11:28:35.697 20908 20931 E A       :      at java.util.concurrent.ThreadPoolExecutor.runWorker(ThreadPoolExecutor.java:1145)
06-24 11:28:35.697 20908 20931 E A       :      at java.util.concurrent.ThreadPoolExecutor$Worker.run(ThreadPoolExecutor.java:644)
06-24 11:28:35.697 20908 20931 E A       :      at com.google.android.libraries.k.b.run(PG:6)
06-24 11:28:35.697 20908 20931 E A       :      at java.lang.Thread.run(Thread.java:1012)
06-24 11:28:35.697 20908 20931 E A       :      at com.google.android.libraries.k.d.b.run(PG:74)
06-24 11:37:25.691   568   872 E WifiStaIfaceAidlImpl: stopRssiMonitoring failed with service-specific exception: android.os.ServiceSpecificException:  (code 5)
06-24 11:37:25.692   568   872 E WifiStaIfaceAidlImpl: setRoamingState failed with service-specific exception: android.os.ServiceSpecificException:  (code 4)
06-24 11:37:25.708   568   872 E WifiScoringParams: Invalid frequency(-1), using 5G as default rssi array
06-24 11:37:25.714   568   584 E WifiService: Attempt to retrieve passpoint with invalid scanResult List
06-24 11:37:25.717   568   872 E WifiStaIfaceAidlImpl: setDtimMultiplier failed with service-specific exception: android.os.ServiceSpecificException:  (code 4)
06-24 11:37:25.749 19081 19108 E unknown:ReconnectingWebSocket: Error occurred, shutting down websocket connection: Websocket exception
06-24 11:37:25.749 19081 19108 E unknown:ReconnectingWebSocket: java.net.SocketException: Software caused connection abort
06-24 11:37:25.749 19081 19108 E unknown:ReconnectingWebSocket:         at java.net.SocketInputStream.socketRead0(Native Method)
06-24 11:37:25.749 19081 19108 E unknown:ReconnectingWebSocket:         at java.net.SocketInputStream.socketRead(SocketInputStream.java:118)
06-24 11:37:25.749 19081 19108 E unknown:ReconnectingWebSocket:         at java.net.SocketInputStream.read(SocketInputStream.java:173)
06-24 11:37:25.749 19081 19108 E unknown:ReconnectingWebSocket:         at java.net.SocketInputStream.read(SocketInputStream.java:143)
06-24 11:37:25.749 19081 19108 E unknown:ReconnectingWebSocket:         at okio.InputStreamSource.read(JvmOkio.kt:91)
06-24 11:37:25.749 19081 19108 E unknown:ReconnectingWebSocket:         at okio.AsyncTimeout$source$1.read(AsyncTimeout.kt:129)
06-24 11:37:25.749 19081 19108 E unknown:ReconnectingWebSocket:         at okio.RealBufferedSource.request(RealBufferedSource.kt:206)
06-24 11:37:25.749 19081 19108 E unknown:ReconnectingWebSocket:         at okio.RealBufferedSource.require(RealBufferedSource.kt:199)
06-24 11:37:25.749 19081 19108 E unknown:ReconnectingWebSocket:         at okio.RealBufferedSource.readByte(RealBufferedSource.kt:209)
06-24 11:37:25.749 19081 19108 E unknown:ReconnectingWebSocket:         at okhttp3.internal.ws.WebSocketReader.readHeader(WebSocketReader.kt:119)
06-24 11:37:25.749 19081 19108 E unknown:ReconnectingWebSocket:         at okhttp3.internal.ws.WebSocketReader.processNextFrame(WebSocketReader.kt:102)
06-24 11:37:25.749 19081 19108 E unknown:ReconnectingWebSocket:         at okhttp3.internal.ws.RealWebSocket.loopReader(RealWebSocket.kt:293)
06-24 11:37:25.749 19081 19108 E unknown:ReconnectingWebSocket:         at okhttp3.internal.ws.RealWebSocket$connect$1.onResponse(RealWebSocket.kt:195)
06-24 11:37:25.749 19081 19108 E unknown:ReconnectingWebSocket:         at okhttp3.internal.connection.RealCall$AsyncCall.run(RealCall.kt:519)
06-24 11:37:25.749 19081 19108 E unknown:ReconnectingWebSocket:         at java.util.concurrent.ThreadPoolExecutor.runWorker(ThreadPoolExecutor.java:1145)
06-24 11:37:25.749 19081 19108 E unknown:ReconnectingWebSocket:         at java.util.concurrent.ThreadPoolExecutor$Worker.run(ThreadPoolExecutor.java:644)
06-24 11:37:25.749 19081 19108 E unknown:ReconnectingWebSocket:         at java.lang.Thread.run(Thread.java:1012)
06-24 11:37:25.763   568   872 E WifiChipAidlImpl: getUsableChannels failed with service-specific exception: android.os.ServiceSpecificException:  (code 4)
06-24 11:37:26.294 21719 21719 E gs.intelligence: Not starting debugger since process cannot load the jdwp agent.
06-24 11:37:26.421  6717 21724 E HandwritingSuperpacksUtil: HandwritingSuperpacksUtil.getPackMappingPackName():40 No pack mapping pack found in []
06-24 11:37:29.644   568   872 E WifiStaIfaceAidlImpl: setDtimMultiplier failed with service-specific exception: android.os.ServiceSpecificException:  (code 4)
06-24 11:37:29.644   359   423 E Netd    : no such netId 105
06-24 11:37:29.654   359   423 E Netd    : no such netId 105
06-24 11:37:29.655   568   879 E ConnectivityService: Exception in addRoute for non-gateway: android.os.ServiceSpecificException: Machine is not on the network (code 64)
06-24 11:37:29.655   359   423 E Netd    : no such netId 105
06-24 11:37:29.655   568   879 E ConnectivityService: Exception in addRoute for gateway: android.os.ServiceSpecificException: Machine is not on the network (code 64)
06-24 11:37:29.664   568   872 E WifiStaIfaceAidlImpl: setRoamingMode failed with service-specific exception: android.os.ServiceSpecificException:  (code 4)
06-24 11:37:29.664   568   872 E WifiRoamingModeManager: Failed to set roaming mode due to unknown error.
06-24 11:37:29.666   568  1059 E WifiService: Attempt to retrieve passpoint with invalid scanResult List
06-24 11:37:29.691   359   408 E NetlinkEvent: NetlinkEvent::FindParam(): Parameter 'INTERFACE' not found
06-24 11:37:29.691   359   408 E NetlinkEvent: NetlinkEvent::FindParam(): Parameter 'STATE' not found
06-24 11:37:29.691   359   408 E NetlinkEvent: NetlinkEvent::FindParam(): Parameter 'TIME_NS' not found
06-24 11:37:29.691   359   408 E NetlinkEvent: NetlinkEvent::FindParam(): Parameter 'UID' not found
06-24 11:37:29.691   568   872 E WifiStaIfaceAidlImpl: stopRssiMonitoring failed with service-specific exception: android.os.ServiceSpecificException:  (code 5)
06-24 11:37:29.697   568   872 E WifiChipAidlImpl: getUsableChannels failed with service-specific exception: android.os.ServiceSpecificException:  (code 4)
06-24 11:37:30.411   568   872 E WifiStaIfaceAidlImpl: setDtimMultiplier failed with service-specific exception: android.os.ServiceSpecificException:  (code 4)
06-24 11:37:30.412   359   359 E netd    : Error adding route ::/0 -> fe80::2 wlan0 to table 1016: File exists
06-24 11:37:30.869  6717 21750 E HandwritingSuperpacksUtil: HandwritingSuperpacksUtil.getPackMappingPackName():40 No pack mapping pack found in []
06-24 11:38:00.231 19081 19108 E unknown:ReconnectingWebSocket: Error occurred, shutting down websocket connection: Websocket exception
06-24 11:38:00.231 19081 19108 E unknown:ReconnectingWebSocket: java.net.SocketException: Software caused connection abort
06-24 11:38:00.231 19081 19108 E unknown:ReconnectingWebSocket:         at java.net.SocketInputStream.socketRead0(Native Method)
06-24 11:38:00.231 19081 19108 E unknown:ReconnectingWebSocket:         at java.net.SocketInputStream.socketRead(SocketInputStream.java:118)
06-24 11:38:00.231 19081 19108 E unknown:ReconnectingWebSocket:         at java.net.SocketInputStream.read(SocketInputStream.java:173)
06-24 11:38:00.231 19081 19108 E unknown:ReconnectingWebSocket:         at java.net.SocketInputStream.read(SocketInputStream.java:143)
06-24 11:38:00.231 19081 19108 E unknown:ReconnectingWebSocket:         at okio.InputStreamSource.read(JvmOkio.kt:91)
06-24 11:38:00.231 19081 19108 E unknown:ReconnectingWebSocket:         at okio.AsyncTimeout$source$1.read(AsyncTimeout.kt:129)
06-24 11:38:00.231 19081 19108 E unknown:ReconnectingWebSocket:         at okio.RealBufferedSource.request(RealBufferedSource.kt:206)
06-24 11:38:00.231 19081 19108 E unknown:ReconnectingWebSocket:         at okio.RealBufferedSource.require(RealBufferedSource.kt:199)
06-24 11:38:00.231 19081 19108 E unknown:ReconnectingWebSocket:         at okio.RealBufferedSource.readByte(RealBufferedSource.kt:209)
06-24 11:38:00.231 19081 19108 E unknown:ReconnectingWebSocket:         at okhttp3.internal.ws.WebSocketReader.readHeader(WebSocketReader.kt:119)
06-24 11:38:00.231 19081 19108 E unknown:ReconnectingWebSocket:         at okhttp3.internal.ws.WebSocketReader.processNextFrame(WebSocketReader.kt:102)
06-24 11:38:00.231 19081 19108 E unknown:ReconnectingWebSocket:         at okhttp3.internal.ws.RealWebSocket.loopReader(RealWebSocket.kt:293)
06-24 11:38:00.231 19081 19108 E unknown:ReconnectingWebSocket:         at okhttp3.internal.ws.RealWebSocket$connect$1.onResponse(RealWebSocket.kt:195)
06-24 11:38:00.231 19081 19108 E unknown:ReconnectingWebSocket:         at okhttp3.internal.connection.RealCall$AsyncCall.run(RealCall.kt:519)
06-24 11:38:00.231 19081 19108 E unknown:ReconnectingWebSocket:         at java.util.concurrent.ThreadPoolExecutor.runWorker(ThreadPoolExecutor.java:1145)
06-24 11:38:00.231 19081 19108 E unknown:ReconnectingWebSocket:         at java.util.concurrent.ThreadPoolExecutor$Worker.run(ThreadPoolExecutor.java:644)
06-24 11:38:00.231 19081 19108 E unknown:ReconnectingWebSocket:         at java.lang.Thread.run(Thread.java:1012)
06-24 11:48:46.910 21888 21888 E Parcel  : Reading a NULL string not supported here.
06-24 11:48:46.922 21888 21888 E IPCThreadState: Binder transaction failure. id: 3930366, BR_*: 29201, error: -1 (Operation not permitted)
06-24 11:48:46.922 21888 21888 E IPCThreadState: Binder transaction failure. id: 3930370, BR_*: 29201, error: -1 (Operation not permitted)
06-24 11:48:46.923 21888 21888 E IPCThreadState: Binder transaction failure. id: 3930374, BR_*: 29201, error: -1 (Operation not permitted)
